// Jest Snapshot v1, https://goo.gl/fbAQLP

exports[`Card block component snapshot - card block component 1`] = `
Object {
  "asFragment": [Function],
  "baseElement": <body>
    <div>
      <section
        class="cardBlock"
      >
        <div
          class="cardBlock__container"
        >
          <h3
            class="cardBlock__header"
          >
            Профиль пользователя
          </h3>
          <button
            class="cardBlock__editBtn"
            type="button"
          >
            Редактировать
          </button>
        </div>
        <form
          action="some url"
          class="cardBlock__form"
        >
          <div
            class="cardBlock__inputContainer"
          >
            <div
              class="inputFieldContainer"
            >
              <label
                class="inputFieldContainer__label"
                for="Name"
              >
                Name
              </label>
              <input
                class="inputFieldContainer__input  inputFieldContainer__input_warning-for-emptiness"
                data-inputname="name"
                disabled=""
                placeholder="Name"
                type="text"
              />
            </div>
            <div
              class="inputFieldContainer"
            >
              <label
                class="inputFieldContainer__label"
                for="User name"
              >
                User name
              </label>
              <input
                class="inputFieldContainer__input  inputFieldContainer__input_warning-for-emptiness"
                data-inputname="user name"
                disabled=""
                placeholder="User name"
                type="text"
              />
            </div>
            <div
              class="inputFieldContainer"
            >
              <label
                class="inputFieldContainer__label"
                for="E-mail"
              >
                E-mail
              </label>
              <input
                class="inputFieldContainer__input  inputFieldContainer__input_warning-for-emptiness"
                data-inputname="e-mail"
                disabled=""
                placeholder="E-mail"
                type="email"
              />
            </div>
            <div
              class="inputFieldContainer"
            >
              <label
                class="inputFieldContainer__label"
                for="Street"
              >
                Street
              </label>
              <input
                class="inputFieldContainer__input  inputFieldContainer__input_warning-for-emptiness"
                data-inputname="street"
                disabled=""
                placeholder="Street"
                type="text"
              />
            </div>
            <div
              class="inputFieldContainer"
            >
              <label
                class="inputFieldContainer__label"
                for="City"
              >
                City
              </label>
              <input
                class="inputFieldContainer__input  inputFieldContainer__input_warning-for-emptiness"
                data-inputname="city"
                disabled=""
                placeholder="City"
                type="text"
              />
            </div>
            <div
              class="inputFieldContainer"
            >
              <label
                class="inputFieldContainer__label"
                for="Phone"
              >
                Phone
              </label>
              <input
                class="inputFieldContainer__input  inputFieldContainer__input_warning-for-emptiness"
                data-inputname="phone"
                disabled=""
                placeholder="Phone"
                type="tel"
              />
            </div>
            <div
              class="inputFieldContainer"
            >
              <label
                class="inputFieldContainer__label"
                for="Website"
              >
                Website
              </label>
              <input
                class="inputFieldContainer__input  inputFieldContainer__input_warning-for-emptiness"
                data-inputname="website"
                disabled=""
                placeholder="Website"
                type="url"
              />
            </div>
            <div
              class="inputFieldContainer"
            >
              <label
                class="inputFieldContainer__label"
                for="Comment"
              >
                Comment
              </label>
              <input
                class="inputFieldContainer__input inputFieldContainer__input_comment"
                data-inputname="comment"
                disabled=""
                placeholder=""
                type="text"
              />
            </div>
          </div>
          <div
            class="sendForm"
          >
            <div
              class="sendForm__container"
            >
              <div
                class="loading"
              />
              <button
                class="sendForm__sendBtn"
                disabled=""
                type="button"
              >
                Отправить
              </button>
            </div>
            <p
              class="sendForm__resultText"
            />
          </div>
        </form>
      </section>
    </div>
  </body>,
  "container": <div>
    <section
      class="cardBlock"
    >
      <div
        class="cardBlock__container"
      >
        <h3
          class="cardBlock__header"
        >
          Профиль пользователя
        </h3>
        <button
          class="cardBlock__editBtn"
          type="button"
        >
          Редактировать
        </button>
      </div>
      <form
        action="some url"
        class="cardBlock__form"
      >
        <div
          class="cardBlock__inputContainer"
        >
          <div
            class="inputFieldContainer"
          >
            <label
              class="inputFieldContainer__label"
              for="Name"
            >
              Name
            </label>
            <input
              class="inputFieldContainer__input  inputFieldContainer__input_warning-for-emptiness"
              data-inputname="name"
              disabled=""
              placeholder="Name"
              type="text"
            />
          </div>
          <div
            class="inputFieldContainer"
          >
            <label
              class="inputFieldContainer__label"
              for="User name"
            >
              User name
            </label>
            <input
              class="inputFieldContainer__input  inputFieldContainer__input_warning-for-emptiness"
              data-inputname="user name"
              disabled=""
              placeholder="User name"
              type="text"
            />
          </div>
          <div
            class="inputFieldContainer"
          >
            <label
              class="inputFieldContainer__label"
              for="E-mail"
            >
              E-mail
            </label>
            <input
              class="inputFieldContainer__input  inputFieldContainer__input_warning-for-emptiness"
              data-inputname="e-mail"
              disabled=""
              placeholder="E-mail"
              type="email"
            />
          </div>
          <div
            class="inputFieldContainer"
          >
            <label
              class="inputFieldContainer__label"
              for="Street"
            >
              Street
            </label>
            <input
              class="inputFieldContainer__input  inputFieldContainer__input_warning-for-emptiness"
              data-inputname="street"
              disabled=""
              placeholder="Street"
              type="text"
            />
          </div>
          <div
            class="inputFieldContainer"
          >
            <label
              class="inputFieldContainer__label"
              for="City"
            >
              City
            </label>
            <input
              class="inputFieldContainer__input  inputFieldContainer__input_warning-for-emptiness"
              data-inputname="city"
              disabled=""
              placeholder="City"
              type="text"
            />
          </div>
          <div
            class="inputFieldContainer"
          >
            <label
              class="inputFieldContainer__label"
              for="Phone"
            >
              Phone
            </label>
            <input
              class="inputFieldContainer__input  inputFieldContainer__input_warning-for-emptiness"
              data-inputname="phone"
              disabled=""
              placeholder="Phone"
              type="tel"
            />
          </div>
          <div
            class="inputFieldContainer"
          >
            <label
              class="inputFieldContainer__label"
              for="Website"
            >
              Website
            </label>
            <input
              class="inputFieldContainer__input  inputFieldContainer__input_warning-for-emptiness"
              data-inputname="website"
              disabled=""
              placeholder="Website"
              type="url"
            />
          </div>
          <div
            class="inputFieldContainer"
          >
            <label
              class="inputFieldContainer__label"
              for="Comment"
            >
              Comment
            </label>
            <input
              class="inputFieldContainer__input inputFieldContainer__input_comment"
              data-inputname="comment"
              disabled=""
              placeholder=""
              type="text"
            />
          </div>
        </div>
        <div
          class="sendForm"
        >
          <div
            class="sendForm__container"
          >
            <div
              class="loading"
            />
            <button
              class="sendForm__sendBtn"
              disabled=""
              type="button"
            >
              Отправить
            </button>
          </div>
          <p
            class="sendForm__resultText"
          />
        </div>
      </form>
    </section>
  </div>,
  "debug": [Function],
  "findAllByAltText": [Function],
  "findAllByDisplayValue": [Function],
  "findAllByLabelText": [Function],
  "findAllByPlaceholderText": [Function],
  "findAllByRole": [Function],
  "findAllByTestId": [Function],
  "findAllByText": [Function],
  "findAllByTitle": [Function],
  "findByAltText": [Function],
  "findByDisplayValue": [Function],
  "findByLabelText": [Function],
  "findByPlaceholderText": [Function],
  "findByRole": [Function],
  "findByTestId": [Function],
  "findByText": [Function],
  "findByTitle": [Function],
  "getAllByAltText": [Function],
  "getAllByDisplayValue": [Function],
  "getAllByLabelText": [Function],
  "getAllByPlaceholderText": [Function],
  "getAllByRole": [Function],
  "getAllByTestId": [Function],
  "getAllByText": [Function],
  "getAllByTitle": [Function],
  "getByAltText": [Function],
  "getByDisplayValue": [Function],
  "getByLabelText": [Function],
  "getByPlaceholderText": [Function],
  "getByRole": [Function],
  "getByTestId": [Function],
  "getByText": [Function],
  "getByTitle": [Function],
  "queryAllByAltText": [Function],
  "queryAllByDisplayValue": [Function],
  "queryAllByLabelText": [Function],
  "queryAllByPlaceholderText": [Function],
  "queryAllByRole": [Function],
  "queryAllByTestId": [Function],
  "queryAllByText": [Function],
  "queryAllByTitle": [Function],
  "queryByAltText": [Function],
  "queryByDisplayValue": [Function],
  "queryByLabelText": [Function],
  "queryByPlaceholderText": [Function],
  "queryByRole": [Function],
  "queryByTestId": [Function],
  "queryByText": [Function],
  "queryByTitle": [Function],
  "rerender": [Function],
  "unmount": [Function],
}
`;
